// Jest Snapshot v1, https://goo.gl/fbAQLP

exports[`With Snapshot Testing Index shows list with example data 1`] = `
<div>
  <h1>
    可交易货币
  </h1>
  <table>
    <tbody>
      <tr>
        <th>
          symbol
        </th>
        <th>
          quoteAssetName
        </th>
        <th>
          tradedMoney
        </th>
        <th>
          baseAssetUnit
        </th>
        <th>
          baseAssetName
        </th>
        <th>
          baseAsset
        </th>
        <th>
          tickSize
        </th>
        <th>
          prevClose
        </th>
        <th>
          activeBuy
        </th>
        <th>
          high
        </th>
        <th>
          lastAggTradeId
        </th>
        <th>
          low
        </th>
        <th>
          matchingUnitType
        </th>
        <th>
          close
        </th>
        <th>
          quoteAsset
        </th>
        <th>
          productType
        </th>
        <th>
          active
        </th>
        <th>
          minTrade
        </th>
        <th>
          activeSell
        </th>
        <th>
          withdrawFee
        </th>
        <th>
          volume
        </th>
        <th>
          decimalPlaces
        </th>
        <th>
          quoteAssetUnit
        </th>
        <th>
          open
        </th>
        <th>
          status
        </th>
        <th>
          minQty
        </th>
      </tr>
      <tr
        onClick={[Function]}
      >
        <td>
          ETHSGD
        </td>
        <td>
          SGD
        </td>
        <td>
          357
        </td>
        <td>
          
        </td>
        <td>
          ETH
        </td>
        <td>
          ETH
        </td>
        <td>
          0.0000001
        </td>
        <td>
          140
        </td>
        <td>
          0
        </td>
        <td>
          140.0000000
        </td>
        <td>
          -1
        </td>
        <td>
          140.0000000
        </td>
        <td>
          STANDARD
        </td>
        <td>
          140.0000000
        </td>
        <td>
          SGD
        </td>
        <td />
        <td />
        <td>
          0.01
        </td>
        <td>
          2.55
        </td>
        <td>
          10
        </td>
        <td>
          2.5500000
        </td>
        <td>
          8
        </td>
        <td>
          
        </td>
        <td>
          140.0000000
        </td>
        <td>
          TRADING
        </td>
        <td>
          1e-8
        </td>
      </tr>
      <tr
        onClick={[Function]}
      >
        <td>
          BTCSGD
        </td>
        <td>
          SGD
        </td>
        <td>
          180.6
        </td>
        <td>
          ฿
        </td>
        <td>
          Bitcoin
        </td>
        <td>
          BTC
        </td>
        <td>
          0.01
        </td>
        <td>
          53.7
        </td>
        <td>
          0
        </td>
        <td>
          53.70
        </td>
        <td>
          -1
        </td>
        <td>
          1.10
        </td>
        <td>
          STANDARD
        </td>
        <td>
          5.00
        </td>
        <td>
          SGD
        </td>
        <td />
        <td />
        <td>
          0.000001
        </td>
        <td>
          57
        </td>
        <td>
          10
        </td>
        <td>
          57.00
        </td>
        <td>
          8
        </td>
        <td>
          
        </td>
        <td>
          53.70
        </td>
        <td>
          TRADING
        </td>
        <td>
          1e-8
        </td>
      </tr>
    </tbody>
  </table>
</div>
`;
